// Jest Snapshot v1, https://goo.gl/fbAQLP

exports[`unit tests issue #4 subjectClosed: false 1`] = `
PolyTree {
  "_childs": Array [
    PolyNode {
      "_childs": Array [],
      "_contour": Array [
        Object {
          "x": 10,
          "y": 10,
        },
        Object {
          "x": 50,
          "y": 10,
        },
      ],
      "_index": 0,
      "_isOpen": true,
      "_parent": [Circular],
    },
  ],
  "_contour": Array [],
  "_index": 0,
  "_isOpen": false,
  "_parent": undefined,
  "_total": 1,
}
`;

exports[`unit tests issue #4 subjectClosed: true 1`] = `
PolyTree {
  "_childs": Array [
    PolyNode {
      "_childs": Array [],
      "_contour": Array [
        Object {
          "x": 50,
          "y": 50,
        },
        Object {
          "x": 10,
          "y": 10,
        },
        Object {
          "x": 50,
          "y": 10,
        },
      ],
      "_index": 0,
      "_isOpen": false,
      "_parent": [Circular],
    },
  ],
  "_contour": Array [],
  "_index": 0,
  "_isOpen": false,
  "_parent": undefined,
  "_total": 1,
}
`;

exports[`unit tests issue #9 1`] = `
PolyTree {
  "_childs": Array [
    PolyNode {
      "_childs": Array [
        PolyNode {
          "_childs": Array [],
          "_contour": Array [
            Object {
              "x": -5,
              "y": -5,
            },
            Object {
              "x": -5,
              "y": 5,
            },
            Object {
              "x": 5,
              "y": 5,
            },
            Object {
              "x": 5,
              "y": -5,
            },
          ],
          "_index": 0,
          "_isOpen": false,
          "_parent": [Circular],
        },
      ],
      "_contour": Array [
        Object {
          "x": 50,
          "y": 50,
        },
        Object {
          "x": -50,
          "y": 50,
        },
        Object {
          "x": -50,
          "y": -50,
        },
        Object {
          "x": 50,
          "y": -50,
        },
      ],
      "_index": 0,
      "_isOpen": false,
      "_parent": [Circular],
    },
  ],
  "_contour": Array [],
  "_index": 0,
  "_isOpen": false,
  "_parent": undefined,
  "_total": 2,
}
`;

exports[`unit tests simple polygons boolean operations clipType: difference, fillType: evenOdd 1`] = `
Array [
  Array [
    Object {
      "x": 10,
      "y": 20,
    },
    Object {
      "x": 0,
      "y": 20,
    },
    Object {
      "x": 0,
      "y": 10,
    },
    Object {
      "x": 10,
      "y": 10,
    },
  ],
  Array [
    Object {
      "x": 3002399751580330,
      "y": 20,
    },
    Object {
      "x": 2251799813685247,
      "y": 20,
    },
    Object {
      "x": 2251799813685247,
      "y": 10,
    },
    Object {
      "x": 3002399751580330,
      "y": 10,
    },
  ],
]
`;

exports[`unit tests simple polygons boolean operations clipType: difference, fillType: negative 1`] = `Array []`;

exports[`unit tests simple polygons boolean operations clipType: difference, fillType: nonZero 1`] = `
Array [
  Array [
    Object {
      "x": 10,
      "y": 20,
    },
    Object {
      "x": 0,
      "y": 20,
    },
    Object {
      "x": 0,
      "y": 10,
    },
    Object {
      "x": 10,
      "y": 10,
    },
  ],
  Array [
    Object {
      "x": 3002399751580330,
      "y": 20,
    },
    Object {
      "x": 2251799813685247,
      "y": 20,
    },
    Object {
      "x": 2251799813685247,
      "y": 10,
    },
    Object {
      "x": 3002399751580330,
      "y": 10,
    },
  ],
]
`;

exports[`unit tests simple polygons boolean operations clipType: difference, fillType: positive 1`] = `
Array [
  Array [
    Object {
      "x": 10,
      "y": 20,
    },
    Object {
      "x": 0,
      "y": 20,
    },
    Object {
      "x": 0,
      "y": 10,
    },
    Object {
      "x": 10,
      "y": 10,
    },
  ],
  Array [
    Object {
      "x": 3002399751580330,
      "y": 20,
    },
    Object {
      "x": 2251799813685247,
      "y": 20,
    },
    Object {
      "x": 2251799813685247,
      "y": 10,
    },
    Object {
      "x": 3002399751580330,
      "y": 10,
    },
  ],
]
`;

exports[`unit tests simple polygons boolean operations clipType: intersection, fillType: evenOdd 1`] = `
Array [
  Array [
    Object {
      "x": 2251799813685247,
      "y": 20,
    },
    Object {
      "x": 10,
      "y": 20,
    },
    Object {
      "x": 10,
      "y": 10,
    },
    Object {
      "x": 2251799813685247,
      "y": 10,
    },
  ],
]
`;

exports[`unit tests simple polygons boolean operations clipType: intersection, fillType: negative 1`] = `Array []`;

exports[`unit tests simple polygons boolean operations clipType: intersection, fillType: nonZero 1`] = `
Array [
  Array [
    Object {
      "x": 2251799813685247,
      "y": 20,
    },
    Object {
      "x": 10,
      "y": 20,
    },
    Object {
      "x": 10,
      "y": 10,
    },
    Object {
      "x": 2251799813685247,
      "y": 10,
    },
  ],
]
`;

exports[`unit tests simple polygons boolean operations clipType: intersection, fillType: positive 1`] = `
Array [
  Array [
    Object {
      "x": 2251799813685247,
      "y": 20,
    },
    Object {
      "x": 10,
      "y": 20,
    },
    Object {
      "x": 10,
      "y": 10,
    },
    Object {
      "x": 2251799813685247,
      "y": 10,
    },
  ],
]
`;

exports[`unit tests simple polygons boolean operations clipType: union, fillType: evenOdd 1`] = `
Array [
  Array [
    Object {
      "x": 2251799813685247,
      "y": 10,
    },
    Object {
      "x": 3002399751580330,
      "y": 10,
    },
    Object {
      "x": 3002399751580330,
      "y": 20,
    },
    Object {
      "x": 2251799813685247,
      "y": 20,
    },
    Object {
      "x": 2251799813685247,
      "y": 30,
    },
    Object {
      "x": 10,
      "y": 30,
    },
    Object {
      "x": 10,
      "y": 20,
    },
    Object {
      "x": 0,
      "y": 20,
    },
    Object {
      "x": 0,
      "y": 10,
    },
    Object {
      "x": 10,
      "y": 10,
    },
    Object {
      "x": 10,
      "y": 0,
    },
    Object {
      "x": 2251799813685247,
      "y": 0,
    },
  ],
]
`;

exports[`unit tests simple polygons boolean operations clipType: union, fillType: negative 1`] = `Array []`;

exports[`unit tests simple polygons boolean operations clipType: union, fillType: nonZero 1`] = `
Array [
  Array [
    Object {
      "x": 2251799813685247,
      "y": 10,
    },
    Object {
      "x": 3002399751580330,
      "y": 10,
    },
    Object {
      "x": 3002399751580330,
      "y": 20,
    },
    Object {
      "x": 2251799813685247,
      "y": 20,
    },
    Object {
      "x": 2251799813685247,
      "y": 30,
    },
    Object {
      "x": 10,
      "y": 30,
    },
    Object {
      "x": 10,
      "y": 20,
    },
    Object {
      "x": 0,
      "y": 20,
    },
    Object {
      "x": 0,
      "y": 10,
    },
    Object {
      "x": 10,
      "y": 10,
    },
    Object {
      "x": 10,
      "y": 0,
    },
    Object {
      "x": 2251799813685247,
      "y": 0,
    },
  ],
]
`;

exports[`unit tests simple polygons boolean operations clipType: union, fillType: positive 1`] = `
Array [
  Array [
    Object {
      "x": 2251799813685247,
      "y": 10,
    },
    Object {
      "x": 3002399751580330,
      "y": 10,
    },
    Object {
      "x": 3002399751580330,
      "y": 20,
    },
    Object {
      "x": 2251799813685247,
      "y": 20,
    },
    Object {
      "x": 2251799813685247,
      "y": 30,
    },
    Object {
      "x": 10,
      "y": 30,
    },
    Object {
      "x": 10,
      "y": 20,
    },
    Object {
      "x": 0,
      "y": 20,
    },
    Object {
      "x": 0,
      "y": 10,
    },
    Object {
      "x": 10,
      "y": 10,
    },
    Object {
      "x": 10,
      "y": 0,
    },
    Object {
      "x": 2251799813685247,
      "y": 0,
    },
  ],
]
`;

exports[`unit tests simple polygons boolean operations clipType: xor, fillType: evenOdd 1`] = `
Array [
  Array [
    Object {
      "x": 3002399751580330,
      "y": 20,
    },
    Object {
      "x": 2251799813685247,
      "y": 20,
    },
    Object {
      "x": 2251799813685247,
      "y": 30,
    },
    Object {
      "x": 10,
      "y": 30,
    },
    Object {
      "x": 10,
      "y": 20,
    },
    Object {
      "x": 2251799813685247,
      "y": 20,
    },
    Object {
      "x": 2251799813685247,
      "y": 10,
    },
    Object {
      "x": 3002399751580330,
      "y": 10,
    },
  ],
  Array [
    Object {
      "x": 2251799813685247,
      "y": 10,
    },
    Object {
      "x": 10,
      "y": 10,
    },
    Object {
      "x": 10,
      "y": 20,
    },
    Object {
      "x": 0,
      "y": 20,
    },
    Object {
      "x": 0,
      "y": 10,
    },
    Object {
      "x": 10,
      "y": 10,
    },
    Object {
      "x": 10,
      "y": 0,
    },
    Object {
      "x": 2251799813685247,
      "y": 0,
    },
  ],
]
`;

exports[`unit tests simple polygons boolean operations clipType: xor, fillType: negative 1`] = `Array []`;

exports[`unit tests simple polygons boolean operations clipType: xor, fillType: nonZero 1`] = `
Array [
  Array [
    Object {
      "x": 3002399751580330,
      "y": 20,
    },
    Object {
      "x": 2251799813685247,
      "y": 20,
    },
    Object {
      "x": 2251799813685247,
      "y": 30,
    },
    Object {
      "x": 10,
      "y": 30,
    },
    Object {
      "x": 10,
      "y": 20,
    },
    Object {
      "x": 2251799813685247,
      "y": 20,
    },
    Object {
      "x": 2251799813685247,
      "y": 10,
    },
    Object {
      "x": 3002399751580330,
      "y": 10,
    },
  ],
  Array [
    Object {
      "x": 2251799813685247,
      "y": 10,
    },
    Object {
      "x": 10,
      "y": 10,
    },
    Object {
      "x": 10,
      "y": 20,
    },
    Object {
      "x": 0,
      "y": 20,
    },
    Object {
      "x": 0,
      "y": 10,
    },
    Object {
      "x": 10,
      "y": 10,
    },
    Object {
      "x": 10,
      "y": 0,
    },
    Object {
      "x": 2251799813685247,
      "y": 0,
    },
  ],
]
`;

exports[`unit tests simple polygons boolean operations clipType: xor, fillType: positive 1`] = `
Array [
  Array [
    Object {
      "x": 3002399751580330,
      "y": 20,
    },
    Object {
      "x": 2251799813685247,
      "y": 20,
    },
    Object {
      "x": 2251799813685247,
      "y": 30,
    },
    Object {
      "x": 10,
      "y": 30,
    },
    Object {
      "x": 10,
      "y": 20,
    },
    Object {
      "x": 2251799813685247,
      "y": 20,
    },
    Object {
      "x": 2251799813685247,
      "y": 10,
    },
    Object {
      "x": 3002399751580330,
      "y": 10,
    },
  ],
  Array [
    Object {
      "x": 2251799813685247,
      "y": 10,
    },
    Object {
      "x": 10,
      "y": 10,
    },
    Object {
      "x": 10,
      "y": 20,
    },
    Object {
      "x": 0,
      "y": 20,
    },
    Object {
      "x": 0,
      "y": 10,
    },
    Object {
      "x": 10,
      "y": 10,
    },
    Object {
      "x": 10,
      "y": 0,
    },
    Object {
      "x": 2251799813685247,
      "y": 0,
    },
  ],
]
`;

exports[`unit tests simple polygons offset joinType: miter, endType: closedLine, delta: -5 1`] = `Array []`;

exports[`unit tests simple polygons offset joinType: miter, endType: closedLine, delta: 0 1`] = `Array []`;

exports[`unit tests simple polygons offset joinType: miter, endType: closedLine, delta: 5 1`] = `
Array [
  Array [
    Object {
      "x": 3002399751580335,
      "y": 25,
    },
    Object {
      "x": -5,
      "y": 25,
    },
    Object {
      "x": -5,
      "y": 5,
    },
    Object {
      "x": 3002399751580335,
      "y": 5,
    },
  ],
]
`;

exports[`unit tests simple polygons offset joinType: miter, endType: closedPolygon, delta: -5 1`] = `Array []`;

exports[`unit tests simple polygons offset joinType: miter, endType: closedPolygon, delta: 0 1`] = `
Array [
  Array [
    Object {
      "x": 3002399751580330,
      "y": 20,
    },
    Object {
      "x": 0,
      "y": 20,
    },
    Object {
      "x": 0,
      "y": 10,
    },
    Object {
      "x": 3002399751580330,
      "y": 10,
    },
  ],
]
`;

exports[`unit tests simple polygons offset joinType: miter, endType: closedPolygon, delta: 5 1`] = `
Array [
  Array [
    Object {
      "x": 3002399751580335,
      "y": 25,
    },
    Object {
      "x": -5,
      "y": 25,
    },
    Object {
      "x": -5,
      "y": 5,
    },
    Object {
      "x": 3002399751580335,
      "y": 5,
    },
  ],
]
`;

exports[`unit tests simple polygons offset joinType: miter, endType: openButt, delta: -5 1`] = `Array []`;

exports[`unit tests simple polygons offset joinType: miter, endType: openButt, delta: 0 1`] = `Array []`;

exports[`unit tests simple polygons offset joinType: miter, endType: openButt, delta: 5 1`] = `
Array [
  Array [
    Object {
      "x": 3002399751580335,
      "y": 5,
    },
    Object {
      "x": 3002399751580335,
      "y": 25,
    },
    Object {
      "x": 0,
      "y": 25,
    },
    Object {
      "x": 0,
      "y": 5,
    },
  ],
]
`;

exports[`unit tests simple polygons offset joinType: miter, endType: openRound, delta: -5 1`] = `Array []`;

exports[`unit tests simple polygons offset joinType: miter, endType: openRound, delta: 0 1`] = `Array []`;

exports[`unit tests simple polygons offset joinType: miter, endType: openRound, delta: 5 1`] = `
Array [
  Array [
    Object {
      "x": -5,
      "y": 11,
    },
    Object {
      "x": -5,
      "y": 8,
    },
    Object {
      "x": -3,
      "y": 6,
    },
    Object {
      "x": 0,
      "y": 5,
    },
    Object {
      "x": 3002399751580335,
      "y": 5,
    },
    Object {
      "x": 3002399751580335,
      "y": 25,
    },
    Object {
      "x": 0,
      "y": 25,
    },
    Object {
      "x": -3,
      "y": 24,
    },
    Object {
      "x": -5,
      "y": 21,
    },
    Object {
      "x": -5,
      "y": 18,
    },
    Object {
      "x": -3,
      "y": 16,
    },
    Object {
      "x": 0,
      "y": 15,
    },
    Object {
      "x": -3,
      "y": 14,
    },
  ],
]
`;

exports[`unit tests simple polygons offset joinType: miter, endType: openSquare, delta: -5 1`] = `Array []`;

exports[`unit tests simple polygons offset joinType: miter, endType: openSquare, delta: 0 1`] = `Array []`;

exports[`unit tests simple polygons offset joinType: miter, endType: openSquare, delta: 5 1`] = `
Array [
  Array [
    Object {
      "x": 3002399751580335,
      "y": 5,
    },
    Object {
      "x": 3002399751580335,
      "y": 25,
    },
    Object {
      "x": -5,
      "y": 25,
    },
    Object {
      "x": -5,
      "y": 5,
    },
  ],
]
`;

exports[`unit tests simple polygons offset joinType: round, endType: closedLine, delta: -5 1`] = `Array []`;

exports[`unit tests simple polygons offset joinType: round, endType: closedLine, delta: 0 1`] = `Array []`;

exports[`unit tests simple polygons offset joinType: round, endType: closedLine, delta: 5 1`] = `
Array [
  Array [
    Object {
      "x": 3002399751580333,
      "y": 6,
    },
    Object {
      "x": 3002399751580335,
      "y": 10,
    },
    Object {
      "x": 3002399751580335,
      "y": 20,
    },
    Object {
      "x": 3002399751580334,
      "y": 23,
    },
    Object {
      "x": 3002399751580330,
      "y": 25,
    },
    Object {
      "x": 0,
      "y": 25,
    },
    Object {
      "x": -3,
      "y": 24,
    },
    Object {
      "x": -5,
      "y": 20,
    },
    Object {
      "x": -5,
      "y": 10,
    },
    Object {
      "x": -4,
      "y": 7,
    },
    Object {
      "x": 0,
      "y": 5,
    },
    Object {
      "x": 3002399751580330,
      "y": 5,
    },
  ],
]
`;

exports[`unit tests simple polygons offset joinType: round, endType: closedPolygon, delta: -5 1`] = `Array []`;

exports[`unit tests simple polygons offset joinType: round, endType: closedPolygon, delta: 0 1`] = `
Array [
  Array [
    Object {
      "x": 3002399751580330,
      "y": 20,
    },
    Object {
      "x": 0,
      "y": 20,
    },
    Object {
      "x": 0,
      "y": 10,
    },
    Object {
      "x": 3002399751580330,
      "y": 10,
    },
  ],
]
`;

exports[`unit tests simple polygons offset joinType: round, endType: closedPolygon, delta: 5 1`] = `
Array [
  Array [
    Object {
      "x": 3002399751580333,
      "y": 6,
    },
    Object {
      "x": 3002399751580335,
      "y": 10,
    },
    Object {
      "x": 3002399751580335,
      "y": 20,
    },
    Object {
      "x": 3002399751580334,
      "y": 23,
    },
    Object {
      "x": 3002399751580330,
      "y": 25,
    },
    Object {
      "x": 0,
      "y": 25,
    },
    Object {
      "x": -3,
      "y": 24,
    },
    Object {
      "x": -5,
      "y": 20,
    },
    Object {
      "x": -5,
      "y": 10,
    },
    Object {
      "x": -4,
      "y": 7,
    },
    Object {
      "x": 0,
      "y": 5,
    },
    Object {
      "x": 3002399751580330,
      "y": 5,
    },
  ],
]
`;

exports[`unit tests simple polygons offset joinType: round, endType: openButt, delta: -5 1`] = `Array []`;

exports[`unit tests simple polygons offset joinType: round, endType: openButt, delta: 0 1`] = `Array []`;

exports[`unit tests simple polygons offset joinType: round, endType: openButt, delta: 5 1`] = `
Array [
  Array [
    Object {
      "x": 3002399751580330,
      "y": 5,
    },
    Object {
      "x": 3002399751580333,
      "y": 6,
    },
    Object {
      "x": 3002399751580335,
      "y": 10,
    },
    Object {
      "x": 3002399751580335,
      "y": 20,
    },
    Object {
      "x": 3002399751580334,
      "y": 23,
    },
    Object {
      "x": 3002399751580330,
      "y": 25,
    },
    Object {
      "x": 0,
      "y": 25,
    },
    Object {
      "x": 0,
      "y": 5,
    },
  ],
]
`;

exports[`unit tests simple polygons offset joinType: round, endType: openRound, delta: -5 1`] = `Array []`;

exports[`unit tests simple polygons offset joinType: round, endType: openRound, delta: 0 1`] = `Array []`;

exports[`unit tests simple polygons offset joinType: round, endType: openRound, delta: 5 1`] = `
Array [
  Array [
    Object {
      "x": -5,
      "y": 11,
    },
    Object {
      "x": -5,
      "y": 8,
    },
    Object {
      "x": -3,
      "y": 6,
    },
    Object {
      "x": 0,
      "y": 5,
    },
    Object {
      "x": 3002399751580330,
      "y": 5,
    },
    Object {
      "x": 3002399751580333,
      "y": 6,
    },
    Object {
      "x": 3002399751580335,
      "y": 10,
    },
    Object {
      "x": 3002399751580335,
      "y": 20,
    },
    Object {
      "x": 3002399751580334,
      "y": 23,
    },
    Object {
      "x": 3002399751580330,
      "y": 25,
    },
    Object {
      "x": 0,
      "y": 25,
    },
    Object {
      "x": -3,
      "y": 24,
    },
    Object {
      "x": -5,
      "y": 21,
    },
    Object {
      "x": -5,
      "y": 18,
    },
    Object {
      "x": -3,
      "y": 16,
    },
    Object {
      "x": 0,
      "y": 15,
    },
    Object {
      "x": -3,
      "y": 14,
    },
  ],
]
`;

exports[`unit tests simple polygons offset joinType: round, endType: openSquare, delta: -5 1`] = `Array []`;

exports[`unit tests simple polygons offset joinType: round, endType: openSquare, delta: 0 1`] = `Array []`;

exports[`unit tests simple polygons offset joinType: round, endType: openSquare, delta: 5 1`] = `
Array [
  Array [
    Object {
      "x": 3002399751580330,
      "y": 5,
    },
    Object {
      "x": 3002399751580333,
      "y": 6,
    },
    Object {
      "x": 3002399751580335,
      "y": 10,
    },
    Object {
      "x": 3002399751580335,
      "y": 20,
    },
    Object {
      "x": 3002399751580334,
      "y": 23,
    },
    Object {
      "x": 3002399751580330,
      "y": 25,
    },
    Object {
      "x": -5,
      "y": 25,
    },
    Object {
      "x": -5,
      "y": 5,
    },
  ],
]
`;

exports[`unit tests simple polygons offset joinType: square, endType: closedLine, delta: -5 1`] = `Array []`;

exports[`unit tests simple polygons offset joinType: square, endType: closedLine, delta: 0 1`] = `Array []`;

exports[`unit tests simple polygons offset joinType: square, endType: closedLine, delta: 5 1`] = `
Array [
  Array [
    Object {
      "x": 3002399751580335,
      "y": 8,
    },
    Object {
      "x": 3002399751580335,
      "y": 22,
    },
    Object {
      "x": 3002399751580332,
      "y": 25,
    },
    Object {
      "x": -2,
      "y": 25,
    },
    Object {
      "x": -5,
      "y": 22,
    },
    Object {
      "x": -5,
      "y": 8,
    },
    Object {
      "x": -2,
      "y": 5,
    },
    Object {
      "x": 3002399751580332,
      "y": 5,
    },
  ],
]
`;

exports[`unit tests simple polygons offset joinType: square, endType: closedPolygon, delta: -5 1`] = `Array []`;

exports[`unit tests simple polygons offset joinType: square, endType: closedPolygon, delta: 0 1`] = `
Array [
  Array [
    Object {
      "x": 3002399751580330,
      "y": 20,
    },
    Object {
      "x": 0,
      "y": 20,
    },
    Object {
      "x": 0,
      "y": 10,
    },
    Object {
      "x": 3002399751580330,
      "y": 10,
    },
  ],
]
`;

exports[`unit tests simple polygons offset joinType: square, endType: closedPolygon, delta: 5 1`] = `
Array [
  Array [
    Object {
      "x": 3002399751580335,
      "y": 8,
    },
    Object {
      "x": 3002399751580335,
      "y": 22,
    },
    Object {
      "x": 3002399751580332,
      "y": 25,
    },
    Object {
      "x": -2,
      "y": 25,
    },
    Object {
      "x": -5,
      "y": 22,
    },
    Object {
      "x": -5,
      "y": 8,
    },
    Object {
      "x": -2,
      "y": 5,
    },
    Object {
      "x": 3002399751580332,
      "y": 5,
    },
  ],
]
`;

exports[`unit tests simple polygons offset joinType: square, endType: openButt, delta: -5 1`] = `Array []`;

exports[`unit tests simple polygons offset joinType: square, endType: openButt, delta: 0 1`] = `Array []`;

exports[`unit tests simple polygons offset joinType: square, endType: openButt, delta: 5 1`] = `
Array [
  Array [
    Object {
      "x": 3002399751580332,
      "y": 5,
    },
    Object {
      "x": 3002399751580335,
      "y": 8,
    },
    Object {
      "x": 3002399751580335,
      "y": 22,
    },
    Object {
      "x": 3002399751580332,
      "y": 25,
    },
    Object {
      "x": 0,
      "y": 25,
    },
    Object {
      "x": 0,
      "y": 5,
    },
  ],
]
`;

exports[`unit tests simple polygons offset joinType: square, endType: openRound, delta: -5 1`] = `Array []`;

exports[`unit tests simple polygons offset joinType: square, endType: openRound, delta: 0 1`] = `Array []`;

exports[`unit tests simple polygons offset joinType: square, endType: openRound, delta: 5 1`] = `
Array [
  Array [
    Object {
      "x": -5,
      "y": 11,
    },
    Object {
      "x": -5,
      "y": 8,
    },
    Object {
      "x": -3,
      "y": 6,
    },
    Object {
      "x": 0,
      "y": 5,
    },
    Object {
      "x": 3002399751580332,
      "y": 5,
    },
    Object {
      "x": 3002399751580335,
      "y": 8,
    },
    Object {
      "x": 3002399751580335,
      "y": 22,
    },
    Object {
      "x": 3002399751580332,
      "y": 25,
    },
    Object {
      "x": 0,
      "y": 25,
    },
    Object {
      "x": -3,
      "y": 24,
    },
    Object {
      "x": -5,
      "y": 21,
    },
    Object {
      "x": -5,
      "y": 18,
    },
    Object {
      "x": -3,
      "y": 16,
    },
    Object {
      "x": 0,
      "y": 15,
    },
    Object {
      "x": -3,
      "y": 14,
    },
  ],
]
`;

exports[`unit tests simple polygons offset joinType: square, endType: openSquare, delta: -5 1`] = `Array []`;

exports[`unit tests simple polygons offset joinType: square, endType: openSquare, delta: 0 1`] = `Array []`;

exports[`unit tests simple polygons offset joinType: square, endType: openSquare, delta: 5 1`] = `
Array [
  Array [
    Object {
      "x": 3002399751580332,
      "y": 5,
    },
    Object {
      "x": 3002399751580335,
      "y": 8,
    },
    Object {
      "x": 3002399751580335,
      "y": 22,
    },
    Object {
      "x": 3002399751580332,
      "y": 25,
    },
    Object {
      "x": -5,
      "y": 25,
    },
    Object {
      "x": -5,
      "y": 5,
    },
  ],
]
`;
